<?xml version="1.0" encoding="utf-8"?>
<TestRun id="c0d0bd87-c437-442a-bffb-d0ec97b63614" name="@9b5a1f860d24 2020-01-31 02:59:51" xmlns="http://microsoft.com/schemas/VisualStudio/TeamTest/2010">
  <Times creation="2020-01-31T02:59:51.2416541+00:00" queuing="2020-01-31T02:59:51.2416542+00:00" start="2020-01-31T02:59:48.4072639+00:00" finish="2020-01-31T02:59:51.2592711+00:00" />
  <TestSettings name="default" id="e8284809-4ebb-4dd0-a020-4badde1e193a">
    <Deployment runDeploymentRoot="_9b5a1f860d24_2020-01-31_02_59_51" />
  </TestSettings>
  <Results>
    <UnitTestResult executionId="ab027450-5cae-44f6-bd4b-4c78762e0ca1" testId="eb223c9f-24bf-8303-38b3-d6113beb6012" testName="OCP.Msal.Proxy.Tests.AuthControllerTests.ClaimIsInjectedIntoHeaderAsExpected" computerName="9b5a1f860d24" duration="00:00:00.0116580" startTime="2020-01-31T02:59:51.0877307+00:00" endTime="2020-01-31T02:59:51.0878399+00:00" testType="13cdc9d9-ddb5-4fa4-a97d-d965ccfc6d4b" outcome="Passed" testListId="8c84fa94-04c1-424b-9868-57a2d4851a1d" relativeResultsDirectory="ab027450-5cae-44f6-bd4b-4c78762e0ca1" />
  </Results>
  <TestDefinitions>
    <UnitTest name="OCP.Msal.Proxy.Tests.AuthControllerTests.ClaimIsInjectedIntoHeaderAsExpected" storage="/app/ocp.msal.proxy.tests/bin/debug/netcoreapp3.1/ocp.msal.proxy.tests.dll" id="eb223c9f-24bf-8303-38b3-d6113beb6012">
      <Execution id="ab027450-5cae-44f6-bd4b-4c78762e0ca1" />
      <TestMethod codeBase="/app/OCP.Msal.Proxy.Tests/bin/Debug/netcoreapp3.1/OCP.Msal.Proxy.Tests.dll" adapterTypeName="executor://xunit/VsTestRunner2/netcoreapp" className="OCP.Msal.Proxy.Tests.AuthControllerTests" name="OCP.Msal.Proxy.Tests.AuthControllerTests.ClaimIsInjectedIntoHeaderAsExpected" />
    </UnitTest>
  </TestDefinitions>
  <TestEntries>
    <TestEntry testId="eb223c9f-24bf-8303-38b3-d6113beb6012" executionId="ab027450-5cae-44f6-bd4b-4c78762e0ca1" testListId="8c84fa94-04c1-424b-9868-57a2d4851a1d" />
  </TestEntries>
  <TestLists>
    <TestList name="Results Not in a List" id="8c84fa94-04c1-424b-9868-57a2d4851a1d" />
    <TestList name="All Loaded Results" id="19431567-8539-422a-85d7-44ee4e166bda" />
  </TestLists>
  <ResultSummary outcome="Completed">
    <Counters total="1" executed="1" passed="1" failed="0" error="0" timeout="0" aborted="0" inconclusive="0" passedButRunAborted="0" notRunnable="0" notExecuted="0" disconnected="0" warning="0" completed="0" inProgress="0" pending="0" />
    <Output>
      <StdOut>[xUnit.net 00:00:00.00] xUnit.net VSTest Adapter v2.4.1 (64-bit .NET Core 3.1.1)
[xUnit.net 00:00:01.15]   Discovering: OCP.Msal.Proxy.Tests
[xUnit.net 00:00:01.20]   Discovered:  OCP.Msal.Proxy.Tests
[xUnit.net 00:00:01.21]   Starting:    OCP.Msal.Proxy.Tests
[xUnit.net 00:00:01.33]   Finished:    OCP.Msal.Proxy.Tests
</StdOut>
    </Output>
  </ResultSummary>
</TestRun>